[
    "0203 544 1234",
    "01962 001234",
    "01962 001235",
    "077 7700 1234"
]
